{
  "version": "aurelia-scope@1",
  "templates": [
    {
      "name": null,
      "root": 0,
      "frames": [
        {
          "id": 0,
          "parent": null,
          "kind": "root",
          "overlay": null,
          "symbols": []
        },
        {
          "id": 1,
          "parent": 0,
          "kind": "overlay",
          "overlay": null,
          "symbols": [
            {
              "kind": "repeatLocal",
              "name": "k",
              "span": {
                "start": 15,
                "end": 41,
                "file": ""
              }
            },
            {
              "kind": "repeatLocal",
              "name": "v",
              "span": {
                "start": 15,
                "end": 41,
                "file": ""
              }
            },
            {
              "kind": "repeatContextual",
              "name": "$index",
              "span": {
                "start": 15,
                "end": 41,
                "file": ""
              }
            },
            {
              "kind": "repeatContextual",
              "name": "$first",
              "span": {
                "start": 15,
                "end": 41,
                "file": ""
              }
            },
            {
              "kind": "repeatContextual",
              "name": "$last",
              "span": {
                "start": 15,
                "end": 41,
                "file": ""
              }
            },
            {
              "kind": "repeatContextual",
              "name": "$even",
              "span": {
                "start": 15,
                "end": 41,
                "file": ""
              }
            },
            {
              "kind": "repeatContextual",
              "name": "$odd",
              "span": {
                "start": 15,
                "end": 41,
                "file": ""
              }
            },
            {
              "kind": "repeatContextual",
              "name": "$length",
              "span": {
                "start": 15,
                "end": 41,
                "file": ""
              }
            },
            {
              "kind": "repeatContextual",
              "name": "$middle",
              "span": {
                "start": 15,
                "end": 41,
                "file": ""
              }
            }
          ]
        }
      ],
      "exprToFrame": {
        "expr_04ef650046afb100": 1,
        "expr_924862804d76f7c0": 1,
        "expr_ba1d4dc063cd5f80": 1,
        "expr_ca19d48063d94980": 0
      },
      "linked": {
        "name": null,
        "rowCount": 1,
        "rowTargets": [
          "0/0/0"
        ],
        "dom": {
          "kind": "template",
          "id": "0",
          "ns": "html",
          "attrs": [],
          "children": [
            {
              "kind": "template",
              "id": "0/0",
              "ns": "html",
              "attrs": [],
              "children": [
                {
                  "kind": "element",
                  "id": "0/0/0",
                  "ns": "html",
                  "tag": "div",
                  "attrs": [
                    {
                      "name": "repeat.for",
                      "value": "[k, v] of map"
                    }
                  ],
                  "children": [
                    {
                      "kind": "text",
                      "id": "0/0/0#text@0",
                      "ns": "html",
                      "text": "[${k}] (${v.x}, ${v.y})",
                      "loc": {
                        "start": 42,
                        "end": 65,
                        "file": ""
                      }
                    }
                  ],
                  "selfClosed": false,
                  "loc": {
                    "start": 10,
                    "end": 71,
                    "file": ""
                  }
                }
              ],
              "loc": {
                "start": 0,
                "end": 82,
                "file": ""
              }
            }
          ],
          "loc": null
        }
      }
    }
  ],
  "diags": []
}
