{
  "version": "aurelia-scope@1",
  "templates": [
    {
      "name": null,
      "root": 0,
      "frames": [
        {
          "id": 0,
          "parent": null,
          "kind": "root",
          "overlay": null,
          "symbols": []
        }
      ],
      "exprToFrame": {
        "expr_25a823408b5a89f8": 0
      },
      "linked": {
        "name": null,
        "rowCount": 1,
        "rowTargets": [
          "0/0#text@0"
        ],
        "dom": {
          "kind": "template",
          "id": "0",
          "ns": "html",
          "attrs": [],
          "children": [
            {
              "kind": "template",
              "id": "0/0",
              "ns": "html",
              "attrs": [],
              "children": [
                {
                  "kind": "element",
                  "id": "0/0/0",
                  "ns": "html",
                  "tag": "code",
                  "attrs": [],
                  "children": [
                    {
                      "kind": "text",
                      "id": "0/0/0#text@0",
                      "ns": "html",
                      "text": "some `inline` code",
                      "loc": {
                        "start": 16,
                        "end": 34,
                        "file": ""
                      }
                    }
                  ],
                  "selfClosed": false,
                  "loc": {
                    "start": 10,
                    "end": 41,
                    "file": ""
                  }
                },
                {
                  "kind": "text",
                  "id": "0/0#text@0",
                  "ns": "html",
                  "text": " ${firstName}",
                  "loc": {
                    "start": 41,
                    "end": 54,
                    "file": ""
                  }
                }
              ],
              "loc": {
                "start": 0,
                "end": 65,
                "file": ""
              }
            }
          ],
          "loc": null
        }
      }
    }
  ],
  "diags": []
}
