{
  "version": "aurelia-scope@1",
  "templates": [
    {
      "name": null,
      "root": 0,
      "frames": [
        {
          "id": 0,
          "parent": null,
          "kind": "root",
          "overlay": null,
          "symbols": []
        },
        {
          "id": 1,
          "parent": 0,
          "kind": "overlay",
          "overlay": {
            "kind": "with",
            "from": {
              "kind": "expr",
              "id": "expr_9951f2002e6d6520",
              "code": "deep",
              "loc": {
                "start": 22,
                "end": 38,
                "file": ""
              }
            },
            "span": {
              "start": 22,
              "end": 38,
              "file": ""
            }
          },
          "symbols": []
        }
      ],
      "exprToFrame": {
        "expr_497f37c0c368cc00": 1,
        "expr_5e9d02c0c7278b80": 1,
        "expr_9951f2002e6d6520": 0,
        "expr_b99d360007a48080": 1
      },
      "linked": {
        "name": null,
        "rowCount": 1,
        "rowTargets": [
          "0/0/0"
        ],
        "dom": {
          "kind": "template",
          "id": "0",
          "ns": "html",
          "attrs": [],
          "children": [
            {
              "kind": "template",
              "id": "0/0",
              "ns": "html",
              "attrs": [],
              "children": [
                {
                  "kind": "text",
                  "id": "0/0#text@0",
                  "ns": "html",
                  "text": "\n      ",
                  "loc": {
                    "start": 10,
                    "end": 17,
                    "file": ""
                  }
                },
                {
                  "kind": "element",
                  "id": "0/0/0",
                  "ns": "html",
                  "tag": "div",
                  "attrs": [
                    {
                      "name": "with.bind",
                      "value": "deep"
                    }
                  ],
                  "children": [
                    {
                      "kind": "text",
                      "id": "0/0/0#text@0",
                      "ns": "html",
                      "text": "\n        ${$this.v} ${$parent.firstName} ${this.firstName}\n      ",
                      "loc": {
                        "start": 39,
                        "end": 104,
                        "file": ""
                      }
                    }
                  ],
                  "selfClosed": false,
                  "loc": {
                    "start": 17,
                    "end": 110,
                    "file": ""
                  }
                },
                {
                  "kind": "text",
                  "id": "0/0#text@1",
                  "ns": "html",
                  "text": "\n    ",
                  "loc": {
                    "start": 110,
                    "end": 115,
                    "file": ""
                  }
                }
              ],
              "loc": {
                "start": 0,
                "end": 126,
                "file": ""
              }
            }
          ],
          "loc": null
        }
      }
    }
  ],
  "diags": []
}
