{
  "version": "aurelia-scope@1",
  "templates": [
    {
      "name": null,
      "root": 0,
      "frames": [
        {
          "id": 0,
          "parent": null,
          "kind": "root",
          "overlay": null,
          "symbols": []
        },
        {
          "id": 1,
          "parent": 0,
          "kind": "overlay",
          "overlay": null,
          "symbols": [
            {
              "kind": "repeatLocal",
              "name": "i",
              "span": {
                "start": 22,
                "end": 41,
                "file": ""
              }
            },
            {
              "kind": "repeatContextual",
              "name": "$index",
              "span": {
                "start": 22,
                "end": 41,
                "file": ""
              }
            },
            {
              "kind": "repeatContextual",
              "name": "$first",
              "span": {
                "start": 22,
                "end": 41,
                "file": ""
              }
            },
            {
              "kind": "repeatContextual",
              "name": "$last",
              "span": {
                "start": 22,
                "end": 41,
                "file": ""
              }
            },
            {
              "kind": "repeatContextual",
              "name": "$even",
              "span": {
                "start": 22,
                "end": 41,
                "file": ""
              }
            },
            {
              "kind": "repeatContextual",
              "name": "$odd",
              "span": {
                "start": 22,
                "end": 41,
                "file": ""
              }
            },
            {
              "kind": "repeatContextual",
              "name": "$length",
              "span": {
                "start": 22,
                "end": 41,
                "file": ""
              }
            },
            {
              "kind": "repeatContextual",
              "name": "$middle",
              "span": {
                "start": 22,
                "end": 41,
                "file": ""
              }
            }
          ]
        }
      ],
      "exprToFrame": {
        "expr_15da2f0081b91a00": 0,
        "expr_289eff8009130200": 1,
        "expr_4a7a5600249d2000": 1,
        "expr_57b8b2005d1efc80": 1,
        "expr_728f2480d4157b00": 1,
        "expr_894c3880c87f4e40": 1,
        "expr_a8441180dc4e55d0": 1,
        "expr_aa77958055530880": 1,
        "expr_c7fd00e076e19cc0": 1
      },
      "linked": {
        "name": null,
        "rowCount": 1,
        "rowTargets": [
          "0/0/0"
        ],
        "dom": {
          "kind": "template",
          "id": "0",
          "ns": "html",
          "attrs": [],
          "children": [
            {
              "kind": "template",
              "id": "0/0",
              "ns": "html",
              "attrs": [],
              "children": [
                {
                  "kind": "text",
                  "id": "0/0#text@0",
                  "ns": "html",
                  "text": "\n      ",
                  "loc": {
                    "start": 10,
                    "end": 17,
                    "file": ""
                  }
                },
                {
                  "kind": "element",
                  "id": "0/0/0",
                  "ns": "html",
                  "tag": "div",
                  "attrs": [
                    {
                      "name": "repeat.for",
                      "value": "i of 3"
                    }
                  ],
                  "children": [
                    {
                      "kind": "text",
                      "id": "0/0/0#text@0",
                      "ns": "html",
                      "text": "\n        i=${i}\n        idx=${$index}\n        len=${$length}\n        first=${$first}\n        last=${$last}\n        even=${$even}\n        odd=${$odd}\n        mid=${$middle}\n      ",
                      "loc": {
                        "start": 42,
                        "end": 220,
                        "file": ""
                      }
                    }
                  ],
                  "selfClosed": false,
                  "loc": {
                    "start": 17,
                    "end": 226,
                    "file": ""
                  }
                },
                {
                  "kind": "text",
                  "id": "0/0#text@1",
                  "ns": "html",
                  "text": "\n    ",
                  "loc": {
                    "start": 226,
                    "end": 231,
                    "file": ""
                  }
                }
              ],
              "loc": {
                "start": 0,
                "end": 242,
                "file": ""
              }
            }
          ],
          "loc": null
        }
      }
    }
  ],
  "diags": []
}
