{
  "version": "aurelia-scope@1",
  "templates": [
    {
      "name": null,
      "root": 0,
      "frames": [
        {
          "id": 0,
          "parent": null,
          "kind": "root",
          "overlay": null,
          "symbols": []
        }
      ],
      "exprToFrame": {
        "expr_8efb2b806e8e6580": 0,
        "expr_fad3bb80748837c0": 0
      },
      "linked": {
        "name": null,
        "rowCount": 1,
        "rowTargets": [
          "0/0/0"
        ],
        "dom": {
          "kind": "template",
          "id": "0",
          "ns": "html",
          "attrs": [],
          "children": [
            {
              "kind": "template",
              "id": "0/0",
              "ns": "html",
              "attrs": [],
              "children": [
                {
                  "kind": "element",
                  "id": "0/0/0",
                  "ns": "html",
                  "tag": "div",
                  "attrs": [
                    {
                      "name": "aria-label",
                      "value": "${firstName}"
                    },
                    {
                      "name": "data-test",
                      "value": "${lastName}"
                    }
                  ],
                  "children": [],
                  "selfClosed": false,
                  "loc": {
                    "start": 10,
                    "end": 71,
                    "file": ""
                  }
                }
              ],
              "loc": {
                "start": 0,
                "end": 82,
                "file": ""
              }
            }
          ],
          "loc": null
        }
      }
    }
  ],
  "diags": []
}
