{
  "version": "aurelia-scope@1",
  "templates": [
    {
      "name": null,
      "root": 0,
      "frames": [
        {
          "id": 0,
          "parent": null,
          "kind": "root",
          "overlay": null,
          "symbols": []
        }
      ],
      "exprToFrame": {
        "expr_9a3f7dc06953e4c0": 0,
        "expr_d56020002310f400": 0
      },
      "linked": {
        "name": null,
        "rowCount": 2,
        "rowTargets": [
          "0/0/0",
          "0/0/0#text@0"
        ],
        "dom": {
          "kind": "template",
          "id": "0",
          "ns": "html",
          "attrs": [],
          "children": [
            {
              "kind": "template",
              "id": "0/0",
              "ns": "html",
              "attrs": [],
              "children": [
                {
                  "kind": "element",
                  "id": "0/0/0",
                  "ns": "html",
                  "tag": "label",
                  "attrs": [
                    {
                      "name": "for.bind",
                      "value": "elementId"
                    }
                  ],
                  "children": [
                    {
                      "kind": "text",
                      "id": "0/0/0#text@0",
                      "ns": "html",
                      "text": "${firstName}",
                      "loc": {
                        "start": 38,
                        "end": 50,
                        "file": ""
                      }
                    }
                  ],
                  "selfClosed": false,
                  "loc": {
                    "start": 10,
                    "end": 58,
                    "file": ""
                  }
                }
              ],
              "loc": {
                "start": 0,
                "end": 69,
                "file": ""
              }
            }
          ],
          "loc": null
        }
      }
    }
  ],
  "diags": []
}
