{
  "version": "aurelia-scope@1",
  "templates": [
    {
      "name": null,
      "root": 0,
      "frames": [
        {
          "id": 0,
          "parent": null,
          "kind": "root",
          "overlay": null,
          "symbols": []
        }
      ],
      "exprToFrame": {
        "expr_2e53d24085b8b300": 0
      },
      "linked": {
        "name": null,
        "rowCount": 2,
        "rowTargets": [
          "0/0/0",
          "0/0/1"
        ],
        "dom": {
          "kind": "template",
          "id": "0",
          "ns": "html",
          "attrs": [],
          "children": [
            {
              "kind": "template",
              "id": "0/0",
              "ns": "html",
              "attrs": [],
              "children": [
                {
                  "kind": "text",
                  "id": "0/0#text@0",
                  "ns": "html",
                  "text": "\n      ",
                  "loc": {
                    "start": 10,
                    "end": 17,
                    "file": ""
                  }
                },
                {
                  "kind": "element",
                  "id": "0/0/0",
                  "ns": "html",
                  "tag": "input",
                  "attrs": [
                    {
                      "name": "@keydown.once",
                      "value": "doThing(1, 'k')"
                    }
                  ],
                  "children": [],
                  "selfClosed": false,
                  "loc": {
                    "start": 17,
                    "end": 58,
                    "file": ""
                  }
                },
                {
                  "kind": "text",
                  "id": "0/0#text@1",
                  "ns": "html",
                  "text": "\n      ",
                  "loc": {
                    "start": 58,
                    "end": 65,
                    "file": ""
                  }
                },
                {
                  "kind": "element",
                  "id": "0/0/1",
                  "ns": "html",
                  "tag": "button",
                  "attrs": [
                    {
                      "name": "click.capture",
                      "value": "doThing(2, 'cap')"
                    }
                  ],
                  "children": [],
                  "selfClosed": false,
                  "loc": {
                    "start": 65,
                    "end": 116,
                    "file": ""
                  }
                },
                {
                  "kind": "text",
                  "id": "0/0#text@2",
                  "ns": "html",
                  "text": "\n    ",
                  "loc": {
                    "start": 116,
                    "end": 121,
                    "file": ""
                  }
                }
              ],
              "loc": {
                "start": 0,
                "end": 132,
                "file": ""
              }
            }
          ],
          "loc": null
        }
      }
    }
  ],
  "diags": []
}
