{
  "version": "aurelia-scope@1",
  "templates": [
    {
      "name": null,
      "root": 0,
      "frames": [
        {
          "id": 0,
          "parent": null,
          "kind": "root",
          "overlay": null,
          "symbols": []
        }
      ],
      "exprToFrame": {
        "expr_3ee99920797bc980": 0,
        "expr_4bfcec4087f365c0": 0
      },
      "linked": {
        "name": null,
        "rowCount": 1,
        "rowTargets": [
          "0/0/0"
        ],
        "dom": {
          "kind": "template",
          "id": "0",
          "ns": "html",
          "attrs": [],
          "children": [
            {
              "kind": "template",
              "id": "0/0",
              "ns": "html",
              "attrs": [],
              "children": [
                {
                  "kind": "text",
                  "id": "0/0#text@0",
                  "ns": "html",
                  "text": "\n      ",
                  "loc": {
                    "start": 10,
                    "end": 17,
                    "file": ""
                  }
                },
                {
                  "kind": "element",
                  "id": "0/0/0",
                  "ns": "html",
                  "tag": "au-compose",
                  "attrs": [
                    {
                      "name": "view-model.bind",
                      "value": "composeVm"
                    },
                    {
                      "name": "model.bind",
                      "value": "obj"
                    }
                  ],
                  "children": [],
                  "selfClosed": false,
                  "loc": {
                    "start": 17,
                    "end": 87,
                    "file": ""
                  }
                },
                {
                  "kind": "text",
                  "id": "0/0#text@1",
                  "ns": "html",
                  "text": "\n    ",
                  "loc": {
                    "start": 87,
                    "end": 92,
                    "file": ""
                  }
                }
              ],
              "loc": {
                "start": 0,
                "end": 103,
                "file": ""
              }
            }
          ],
          "loc": null
        }
      }
    }
  ],
  "diags": []
}
